Feb-19 11:24:23.251 [main] DEBUG nextflow.cli.Launcher - $> nextflow run main.nf --input /Users/ahsan/PDBe-Pipelines/test_data/structure_zika.cif
Feb-19 11:24:23.292 [main] DEBUG nextflow.cli.CmdRun - N E X T F L O W  ~  version 25.10.4
Feb-19 11:24:23.302 [main] DEBUG nextflow.plugin.PluginsFacade - Setting up plugin manager > mode=prod; embedded=false; plugins-dir=/Users/ahsan/.nextflow/plugins; core-plugins: nf-amazon@3.4.4,nf-azure@1.20.2,nf-cloudcache@0.5.0,nf-codecommit@0.5.0,nf-console@1.3.0,nf-google@1.23.5,nf-k8s@1.2.2,nf-tower@1.17.5,nf-wave@1.16.1
Feb-19 11:24:23.317 [main] INFO  o.pf4j.DefaultPluginStatusProvider - Enabled plugins: []
Feb-19 11:24:23.317 [main] INFO  o.pf4j.DefaultPluginStatusProvider - Disabled plugins: []
Feb-19 11:24:23.319 [main] INFO  org.pf4j.DefaultPluginManager - PF4J version 3.12.0 in 'deployment' mode
Feb-19 11:24:23.325 [main] DEBUG nextflow.util.RetryConfig - Missing nextflow session - using default retry config
Feb-19 11:24:23.391 [main] INFO  org.pf4j.AbstractPluginManager - No plugins
Feb-19 11:24:23.404 [main] DEBUG nextflow.config.ConfigBuilder - Found config local: /Users/ahsan/PDBe-Pipelines/StandardCif/nextflow.config
Feb-19 11:24:23.405 [main] DEBUG nextflow.config.ConfigBuilder - Parsing config file: /Users/ahsan/PDBe-Pipelines/StandardCif/nextflow.config
Feb-19 11:24:23.416 [main] DEBUG nextflow.config.ConfigBuilder - Applying config profile: `standard`
Feb-19 11:24:23.686 [main] DEBUG nextflow.plugin.PluginsFacade - Plugins default=[]
Feb-19 11:24:23.686 [main] DEBUG nextflow.plugin.PluginsFacade - Plugins resolved requirement=[]
Feb-19 11:24:23.693 [main] DEBUG n.secret.LocalSecretsProvider - Secrets store: /Users/ahsan/.nextflow/secrets/store.json
Feb-19 11:24:23.693 [main] DEBUG nextflow.secret.SecretsLoader - Discovered secrets providers: [nextflow.secret.LocalSecretsProvider@55fee662] - activable => nextflow.secret.LocalSecretsProvider@55fee662
Feb-19 11:24:23.694 [main] DEBUG nextflow.cli.CmdRun - Applied DSL=2 by global default
Feb-19 11:24:23.700 [main] DEBUG nextflow.cli.CmdRun - Launching `main.nf` [jovial_curie] DSL2 - revision: 67fec6a9d6
Feb-19 11:24:23.719 [main] DEBUG nextflow.Session - Session UUID: 015bd461-134a-422b-bbe2-c6c7fa859b12
Feb-19 11:24:23.720 [main] DEBUG nextflow.Session - Run name: jovial_curie
Feb-19 11:24:23.720 [main] DEBUG nextflow.Session - Executor pool size: 16
Feb-19 11:24:23.723 [main] DEBUG nextflow.file.FilePorter - File porter settings maxRetries=3; maxTransfers=50; pollTimeout=null
Feb-19 11:24:23.725 [main] DEBUG nextflow.util.ThreadPoolBuilder - Creating thread pool 'FileTransfer' minSize=10; maxSize=48; workQueue=LinkedBlockingQueue[-1]; allowCoreThreadTimeout=false
Feb-19 11:24:23.740 [main] DEBUG nextflow.cli.CmdRun - 
  Version: 25.10.4 build 11173
  Created: 10-02-2026 15:17 UTC (15:17 BST)
  System: Mac OS X 26.2
  Runtime: Groovy 4.0.28 on OpenJDK 64-Bit Server VM 21.0.6+9-b895.97
  Encoding: UTF-8 (UTF-8)
  Process: 21397@FXWHWL7YCP [172.23.50.203]
  CPUs: 16 - Mem: 48 GB (60.5 MB) - Swap: 6 GB (1.6 GB)
Feb-19 11:24:23.746 [main] DEBUG nextflow.Session - Work-dir: /Users/ahsan/PDBe-Pipelines/StandardCif/work [Mac OS X]
Feb-19 11:24:23.757 [main] DEBUG nextflow.executor.ExecutorFactory - Extension executors providers=[]
Feb-19 11:24:23.761 [main] DEBUG nextflow.Session - Observer factory (v2): LinObserverFactory
Feb-19 11:24:23.762 [main] DEBUG nextflow.Session - Observer factory (v2): DefaultObserverFactory
Feb-19 11:24:23.788 [main] DEBUG nextflow.cache.CacheFactory - Using Nextflow cache factory: nextflow.cache.DefaultCacheFactory
Feb-19 11:24:23.792 [main] DEBUG nextflow.util.CustomThreadPool - Creating default thread pool > poolSize: 17; maxThreads: 1000
Feb-19 11:24:23.817 [main] DEBUG nextflow.Session - Session start
Feb-19 11:24:23.820 [main] DEBUG nextflow.trace.TraceFileObserver - Workflow started -- trace file: null/pipeline_info/execution_trace_2026-02-19_11-24-23.txt
Feb-19 11:24:23.876 [main] DEBUG nextflow.script.ScriptRunner - > Launching execution
Feb-19 11:24:23.986 [main] DEBUG nextflow.executor.ExecutorFactory - << taskConfig executor: null
Feb-19 11:24:23.986 [main] DEBUG nextflow.executor.ExecutorFactory - >> processorType: 'local'
Feb-19 11:24:23.992 [main] DEBUG nextflow.executor.Executor - [warm up] executor > local
Feb-19 11:24:23.996 [main] DEBUG n.processor.LocalPollingMonitor - Creating local task monitor for executor 'local' > cpus=16; memory=48 GB; capacity=16; pollInterval=100ms; dumpInterval=5m
Feb-19 11:24:23.996 [main] DEBUG n.processor.TaskPollingMonitor - >>> barrier register (monitor: local)
Feb-19 11:24:24.004 [main] DEBUG nextflow.processor.TaskProcessor - Creating process 'PDBE_STANDARDIZECIF:STANDARDIZECIF:STANDARDCIF': maxForks=0; fair=false; array=0
Feb-19 11:24:24.022 [main] DEBUG nextflow.Session - Config process names validation disabled as requested
Feb-19 11:24:24.023 [main] DEBUG nextflow.Session - Igniting dataflow network (1)
Feb-19 11:24:24.023 [main] DEBUG nextflow.processor.TaskProcessor - Starting process > PDBE_STANDARDIZECIF:STANDARDIZECIF:STANDARDCIF
Feb-19 11:24:24.023 [main] DEBUG nextflow.script.ScriptRunner - Parsed script files:
  Script_a0c92f75343d2f38: /Users/ahsan/PDBe-Pipelines/StandardCif/modules/local/standardcif/main.nf
  Script_4674832d19b8fdc6: /Users/ahsan/PDBe-Pipelines/StandardCif/main.nf
  Script_6845f6d5c662c9cf: /Users/ahsan/PDBe-Pipelines/StandardCif/workflows/standardizecif.nf
Feb-19 11:24:24.023 [main] DEBUG nextflow.script.ScriptRunner - > Awaiting termination 
Feb-19 11:24:24.023 [main] DEBUG nextflow.Session - Session await
Feb-19 11:24:24.073 [Task submitter] WARN  n.executor.BashWrapperBuilder - Task runtime metrics are not reported when using macOS without a container engine
Feb-19 11:24:24.103 [Task submitter] DEBUG n.executor.local.LocalTaskHandler - Launch cmd line: /bin/bash -ue .command.run
Feb-19 11:24:24.104 [Task submitter] INFO  nextflow.Session - [5f/2b8b79] Submitted process > PDBE_STANDARDIZECIF:STANDARDIZECIF:STANDARDCIF ($cif)
Feb-19 11:24:24.243 [Task monitor] DEBUG n.processor.TaskPollingMonitor - Task completed > TaskHandler[id: 1; name: PDBE_STANDARDIZECIF:STANDARDIZECIF:STANDARDCIF ($cif); status: COMPLETED; exit: 0; error: -; workDir: /Users/ahsan/PDBe-Pipelines/StandardCif/work/5f/2b8b793deeccc36887d2c2f38fb0c3]
Feb-19 11:24:24.243 [Task monitor] DEBUG nextflow.util.ThreadPoolBuilder - Creating thread pool 'TaskFinalizer' minSize=10; maxSize=48; workQueue=LinkedBlockingQueue[-1]; allowCoreThreadTimeout=false
Feb-19 11:24:24.252 [main] DEBUG nextflow.Session - Session await > all processes finished
Feb-19 11:24:24.346 [Task monitor] DEBUG n.processor.TaskPollingMonitor - <<< barrier arrives (monitor: local) - terminating tasks monitor poll loop
Feb-19 11:24:24.346 [main] DEBUG nextflow.Session - Session await > all barriers passed
Feb-19 11:24:24.347 [main] DEBUG nextflow.util.ThreadPoolManager - Thread pool 'TaskFinalizer' shutdown completed (hard=false)
Feb-19 11:24:24.350 [main] DEBUG n.trace.WorkflowStatsObserver - Workflow completed > WorkflowStats[succeededCount=1; failedCount=0; ignoredCount=0; cachedCount=0; pendingCount=0; submittedCount=0; runningCount=0; retriesCount=0; abortedCount=0; succeedDuration=68ms; failedDuration=0ms; cachedDuration=0ms;loadCpus=0; loadMemory=0; peakRunning=1; peakCpus=1; peakMemory=6 GB; ]
Feb-19 11:24:24.512 [main] DEBUG nextflow.trace.ReportObserver - Workflow completed -- rendering execution report
Feb-19 11:24:24.990 [main] DEBUG nextflow.trace.TimelineObserver - Workflow completed -- rendering execution timeline
Feb-19 11:24:25.041 [main] DEBUG nextflow.trace.TraceFileObserver - Workflow completed -- saving trace file
Feb-19 11:24:25.044 [main] DEBUG nextflow.cache.CacheDB - Closing CacheDB done
Feb-19 11:24:25.051 [main] DEBUG nextflow.util.ThreadPoolManager - Thread pool 'FileTransfer' shutdown completed (hard=false)
Feb-19 11:24:25.051 [main] DEBUG nextflow.script.ScriptRunner - > Execution complete -- Goodbye
